sp_getattr for /home/peter/Documents/university/ptyhiaki/network_file_system_ptyxiaki/app/fuse/target/.Trash
sp_getattr for /home/peter/Documents/university/ptyhiaki/network_file_system_ptyxiaki/app/fuse/target/.Trash-1000
sp_getattr for /home/peter/Documents/university/ptyhiaki/network_file_system_ptyxiaki/app/fuse/target/BDMV
sp_getattr for /home/peter/Documents/university/ptyhiaki/network_file_system_ptyxiaki/app/fuse/target/.xdg-volume-info
sp_getattr for /home/peter/Documents/university/ptyhiaki/network_file_system_ptyxiaki/app/fuse/target/autorun.inf
sp_getattr for /home/peter/Documents/university/ptyhiaki/network_file_system_ptyxiaki/app/fuse/target/
sp_readdir for /home/peter/Documents/university/ptyhiaki/network_file_system_ptyxiaki/app/fuse/target/
sp_getattr for /home/peter/Documents/university/ptyhiaki/network_file_system_ptyxiaki/app/fuse/target/
sp_readdir for /home/peter/Documents/university/ptyhiaki/network_file_system_ptyxiaki/app/fuse/target/
sp_getattr for /home/peter/Documents/university/ptyhiaki/network_file_system_ptyxiaki/app/fuse/target/
sp_readdir for /home/peter/Documents/university/ptyhiaki/network_file_system_ptyxiaki/app/fuse/target/
sp_getattr for /home/peter/Documents/university/ptyhiaki/network_file_system_ptyxiaki/app/fuse/target/
sp_readdir for /home/peter/Documents/university/ptyhiaki/network_file_system_ptyxiaki/app/fuse/target/
sp_getattr for /home/peter/Documents/university/ptyhiaki/network_file_system_ptyxiaki/app/fuse/target/
sp_readdir for /home/peter/Documents/university/ptyhiaki/network_file_system_ptyxiaki/app/fuse/target/
sp_getattr for /home/peter/Documents/university/ptyhiaki/network_file_system_ptyxiaki/app/fuse/target/
sp_readdir for /home/peter/Documents/university/ptyhiaki/network_file_system_ptyxiaki/app/fuse/target/
sp_getattr for /home/peter/Documents/university/ptyhiaki/network_file_system_ptyxiaki/app/fuse/target/
sp_readdir for /home/peter/Documents/university/ptyhiaki/network_file_system_ptyxiaki/app/fuse/target/
sp_getattr for /home/peter/Documents/university/ptyhiaki/network_file_system_ptyxiaki/app/fuse/target/
sp_readdir for /home/peter/Documents/university/ptyhiaki/network_file_system_ptyxiaki/app/fuse/target/
sp_getattr for /home/peter/Documents/university/ptyhiaki/network_file_system_ptyxiaki/app/fuse/target/
sp_readdir for /home/peter/Documents/university/ptyhiaki/network_file_system_ptyxiaki/app/fuse/target/
sp_getattr for /home/peter/Documents/university/ptyhiaki/network_file_system_ptyxiaki/app/fuse/target/
sp_readdir for /home/peter/Documents/university/ptyhiaki/network_file_system_ptyxiaki/app/fuse/target/
sp_getattr for /home/peter/Documents/university/ptyhiaki/network_file_system_ptyxiaki/app/fuse/target/
sp_readdir for /home/peter/Documents/university/ptyhiaki/network_file_system_ptyxiaki/app/fuse/target/
sp_getattr for /home/peter/Documents/university/ptyhiaki/network_file_system_ptyxiaki/app/fuse/target/
sp_readdir for /home/peter/Documents/university/ptyhiaki/network_file_system_ptyxiaki/app/fuse/target/
sp_getattr for /home/peter/Documents/university/ptyhiaki/network_file_system_ptyxiaki/app/fuse/target/
sp_readdir for /home/peter/Documents/university/ptyhiaki/network_file_system_ptyxiaki/app/fuse/target/
sp_getattr for /home/peter/Documents/university/ptyhiaki/network_file_system_ptyxiaki/app/fuse/target/
sp_readdir for /home/peter/Documents/university/ptyhiaki/network_file_system_ptyxiaki/app/fuse/target/
sp_getattr for /home/peter/Documents/university/ptyhiaki/network_file_system_ptyxiaki/app/fuse/target/
sp_readdir for /home/peter/Documents/university/ptyhiaki/network_file_system_ptyxiaki/app/fuse/target/
sp_getattr for /home/peter/Documents/university/ptyhiaki/network_file_system_ptyxiaki/app/fuse/target/
sp_readdir for /home/peter/Documents/university/ptyhiaki/network_file_system_ptyxiaki/app/fuse/target/
sp_getattr for /home/peter/Documents/university/ptyhiaki/network_file_system_ptyxiaki/app/fuse/target/
sp_readdir for /home/peter/Documents/university/ptyhiaki/network_file_system_ptyxiaki/app/fuse/target/
sp_getattr for /home/peter/Documents/university/ptyhiaki/network_file_system_ptyxiaki/app/fuse/target/
sp_readdir for /home/peter/Documents/university/ptyhiaki/network_file_system_ptyxiaki/app/fuse/target/
sp_getattr for /home/peter/Documents/university/ptyhiaki/network_file_system_ptyxiaki/app/fuse/target/
sp_readdir for /home/peter/Documents/university/ptyhiaki/network_file_system_ptyxiaki/app/fuse/target/
sp_getattr for /home/peter/Documents/university/ptyhiaki/network_file_system_ptyxiaki/app/fuse/target/
sp_readdir for /home/peter/Documents/university/ptyhiaki/network_file_system_ptyxiaki/app/fuse/target/
sp_getattr for /home/peter/Documents/university/ptyhiaki/network_file_system_ptyxiaki/app/fuse/target/
sp_readdir for /home/peter/Documents/university/ptyhiaki/network_file_system_ptyxiaki/app/fuse/target/
sp_getattr for /home/peter/Documents/university/ptyhiaki/network_file_system_ptyxiaki/app/fuse/target/
sp_readdir for /home/peter/Documents/university/ptyhiaki/network_file_system_ptyxiaki/app/fuse/target/
sp_getattr for /home/peter/Documents/university/ptyhiaki/network_file_system_ptyxiaki/app/fuse/target/
sp_readdir for /home/peter/Documents/university/ptyhiaki/network_file_system_ptyxiaki/app/fuse/target/
sp_getattr for /home/peter/Documents/university/ptyhiaki/network_file_system_ptyxiaki/app/fuse/target/
sp_readdir for /home/peter/Documents/university/ptyhiaki/network_file_system_ptyxiaki/app/fuse/target/
sp_getattr for /home/peter/Documents/university/ptyhiaki/network_file_system_ptyxiaki/app/fuse/target/
sp_readdir for /home/peter/Documents/university/ptyhiaki/network_file_system_ptyxiaki/app/fuse/target/
sp_getattr for /home/peter/Documents/university/ptyhiaki/network_file_system_ptyxiaki/app/fuse/target/
sp_readdir for /home/peter/Documents/university/ptyhiaki/network_file_system_ptyxiaki/app/fuse/target/
sp_getattr for /home/peter/Documents/university/ptyhiaki/network_file_system_ptyxiaki/app/fuse/target/autorun.inf
sp_getattr for /home/peter/Documents/university/ptyhiaki/network_file_system_ptyxiaki/app/fuse/target/
sp_getattr for /home/peter/Documents/university/ptyhiaki/network_file_system_ptyxiaki/app/fuse/target/.git
sp_getattr for /home/peter/Documents/university/ptyhiaki/network_file_system_ptyxiaki/app/fuse/target/.git
sp_getattr for /home/peter/Documents/university/ptyhiaki/network_file_system_ptyxiaki/app/fuse/target/
sp_readdir for /home/peter/Documents/university/ptyhiaki/network_file_system_ptyxiaki/app/fuse/target/
sp_getattr for /home/peter/Documents/university/ptyhiaki/network_file_system_ptyxiaki/app/fuse/target/.git
sp_getattr for /home/peter/Documents/university/ptyhiaki/network_file_system_ptyxiaki/app/fuse/target/.git
sp_getattr for /home/peter/Documents/university/ptyhiaki/network_file_system_ptyxiaki/app/fuse/target/
sp_readdir for /home/peter/Documents/university/ptyhiaki/network_file_system_ptyxiaki/app/fuse/target/
sp_getattr for /home/peter/Documents/university/ptyhiaki/network_file_system_ptyxiaki/app/fuse/target/.git
sp_getattr for /home/peter/Documents/university/ptyhiaki/network_file_system_ptyxiaki/app/fuse/target/.git
sp_getattr for /home/peter/Documents/university/ptyhiaki/network_file_system_ptyxiaki/app/fuse/target/
sp_readdir for /home/peter/Documents/university/ptyhiaki/network_file_system_ptyxiaki/app/fuse/target/
sp_getattr for /home/peter/Documents/university/ptyhiaki/network_file_system_ptyxiaki/app/fuse/target/.git
sp_getattr for /home/peter/Documents/university/ptyhiaki/network_file_system_ptyxiaki/app/fuse/target/.git
sp_getattr for /home/peter/Documents/university/ptyhiaki/network_file_system_ptyxiaki/app/fuse/target/
sp_readdir for /home/peter/Documents/university/ptyhiaki/network_file_system_ptyxiaki/app/fuse/target/
sp_getattr for /home/peter/Documents/university/ptyhiaki/network_file_system_ptyxiaki/app/fuse/target/
sp_getattr for /home/peter/Documents/university/ptyhiaki/network_file_system_ptyxiaki/app/fuse/target/
sp_getattr for /home/peter/Documents/university/ptyhiaki/network_file_system_ptyxiaki/app/fuse/target/.Trash
sp_getattr for /home/peter/Documents/university/ptyhiaki/network_file_system_ptyxiaki/app/fuse/target/.Trash-1000
sp_readdir for /home/peter/Documents/university/ptyhiaki/network_file_system_ptyxiaki/app/fuse/target/
sp_getattr for /home/peter/Documents/university/ptyhiaki/network_file_system_ptyxiaki/app/fuse/target/
sp_getattr for /home/peter/Documents/university/ptyhiaki/network_file_system_ptyxiaki/app/fuse/target/
sp_getattr for /home/peter/Documents/university/ptyhiaki/network_file_system_ptyxiaki/app/fuse/target/
sp_readdir for /home/peter/Documents/university/ptyhiaki/network_file_system_ptyxiaki/app/fuse/target/
sp_getattr for /home/peter/Documents/university/ptyhiaki/network_file_system_ptyxiaki/app/fuse/target/
sp_readdir for /home/peter/Documents/university/ptyhiaki/network_file_system_ptyxiaki/app/fuse/target/
sp_getattr for /home/peter/Documents/university/ptyhiaki/network_file_system_ptyxiaki/app/fuse/target/
sp_getattr for /home/peter/Documents/university/ptyhiaki/network_file_system_ptyxiaki/app/fuse/target/test.txt
sp_getattr for /home/peter/Documents/university/ptyhiaki/network_file_system_ptyxiaki/app/fuse/target/test.txt
sp_getattr for /home/peter/Documents/university/ptyhiaki/network_file_system_ptyxiaki/app/fuse/target/.git
sp_getattr for /home/peter/Documents/university/ptyhiaki/network_file_system_ptyxiaki/app/fuse/target/.git
sp_getattr for /home/peter/Documents/university/ptyhiaki/network_file_system_ptyxiaki/app/fuse/target/
sp_readdir for /home/peter/Documents/university/ptyhiaki/network_file_system_ptyxiaki/app/fuse/target/
sp_getattr for /home/peter/Documents/university/ptyhiaki/network_file_system_ptyxiaki/app/fuse/target/.git
sp_getattr for /home/peter/Documents/university/ptyhiaki/network_file_system_ptyxiaki/app/fuse/target/.git
sp_getattr for /home/peter/Documents/university/ptyhiaki/network_file_system_ptyxiaki/app/fuse/target/
sp_readdir for /home/peter/Documents/university/ptyhiaki/network_file_system_ptyxiaki/app/fuse/target/
sp_getattr for /home/peter/Documents/university/ptyhiaki/network_file_system_ptyxiaki/app/fuse/target/.git
sp_getattr for /home/peter/Documents/university/ptyhiaki/network_file_system_ptyxiaki/app/fuse/target/.git
sp_getattr for /home/peter/Documents/university/ptyhiaki/network_file_system_ptyxiaki/app/fuse/target/
sp_readdir for /home/peter/Documents/university/ptyhiaki/network_file_system_ptyxiaki/app/fuse/target/
sp_getattr for /home/peter/Documents/university/ptyhiaki/network_file_system_ptyxiaki/app/fuse/target/.git
sp_getattr for /home/peter/Documents/university/ptyhiaki/network_file_system_ptyxiaki/app/fuse/target/.git
sp_getattr for /home/peter/Documents/university/ptyhiaki/network_file_system_ptyxiaki/app/fuse/target/
sp_readdir for /home/peter/Documents/university/ptyhiaki/network_file_system_ptyxiaki/app/fuse/target/
sp_getattr for /home/peter/Documents/university/ptyhiaki/network_file_system_ptyxiaki/app/fuse/target/.git
sp_getattr for /home/peter/Documents/university/ptyhiaki/network_file_system_ptyxiaki/app/fuse/target/.git
sp_getattr for /home/peter/Documents/university/ptyhiaki/network_file_system_ptyxiaki/app/fuse/target/
sp_readdir for /home/peter/Documents/university/ptyhiaki/network_file_system_ptyxiaki/app/fuse/target/
